// Jest Snapshot v1, https://goo.gl/fbAQLP

exports[`Should render correct 1`] = `
<header
  className="header"
>
  <div
    className="content-container"
  >
    <div
      className="header_content"
    >
      <Link
        className="header_title"
        replace={false}
        to="/dashboard"
      >
        <h1>
          Boilerplates
        </h1>
      </Link>
      <button
        className="button button-link"
        onClick={[Function]}
      >
        Logout
      </button>
    </div>
  </div>
</header>
`;
